raw epoch=1/30 mse=0.317682
raw epoch=2/30 mse=0.265973
raw epoch=3/30 mse=0.256907
raw epoch=4/30 mse=0.251885
raw epoch=5/30 mse=0.248645
raw epoch=6/30 mse=0.246389
raw epoch=7/30 mse=0.244563
raw epoch=8/30 mse=0.243152
raw epoch=9/30 mse=0.242066
raw epoch=10/30 mse=0.241240
raw epoch=11/30 mse=0.240460
raw epoch=12/30 mse=0.239823
raw epoch=13/30 mse=0.239345
raw epoch=14/30 mse=0.238801
raw epoch=15/30 mse=0.238496
raw epoch=16/30 mse=0.238182
raw epoch=17/30 mse=0.237956
raw epoch=18/30 mse=0.237723
raw epoch=19/30 mse=0.237482
raw epoch=20/30 mse=0.237241
raw epoch=21/30 mse=0.237131
raw epoch=22/30 mse=0.236978
raw epoch=23/30 mse=0.236845
raw epoch=24/30 mse=0.236718
raw epoch=25/30 mse=0.236673
raw epoch=26/30 mse=0.236522
raw epoch=27/30 mse=0.236499
raw epoch=28/30 mse=0.236495
raw epoch=29/30 mse=0.236457
raw epoch=30/30 mse=0.236360
z_C epoch=1/30 mse=0.050794
z_C epoch=2/30 mse=0.002548
z_C epoch=3/30 mse=0.002104
z_C epoch=4/30 mse=0.001972
z_C epoch=5/30 mse=0.001855
z_C epoch=6/30 mse=0.001811
z_C epoch=7/30 mse=0.001773
z_C epoch=8/30 mse=0.001754
z_C epoch=9/30 mse=0.001742
z_C epoch=10/30 mse=0.001729
z_C epoch=11/30 mse=0.001720
z_C epoch=12/30 mse=0.001710
z_C epoch=13/30 mse=0.001703
z_C epoch=14/30 mse=0.001694
z_C epoch=15/30 mse=0.001688
z_C epoch=16/30 mse=0.001681
z_C epoch=17/30 mse=0.001675
z_C epoch=18/30 mse=0.001670
z_C epoch=19/30 mse=0.001666
z_C epoch=20/30 mse=0.001661
z_C epoch=21/30 mse=0.001657
z_C epoch=22/30 mse=0.001653
z_C epoch=23/30 mse=0.001651
z_C epoch=24/30 mse=0.001648
z_C epoch=25/30 mse=0.001645
z_C epoch=26/30 mse=0.001641
z_C epoch=27/30 mse=0.001640
z_C epoch=28/30 mse=0.001638
z_C epoch=29/30 mse=0.001637
z_C epoch=30/30 mse=0.001634
{
  "scope": {
    "dataset": "AmazonScience/massive",
    "frozen_partition": "checkpoint/massive_partition_layer8.pt",
    "train_languages": 49,
    "heldout_languages": [
      "ar-SA",
      "zh-CN"
    ],
    "Gemma_layer": 8,
    "pooling": "masked mean",
    "representations": [
      "raw",
      "z_C"
    ],
    "TopK": 64,
    "expansion": 4,
    "epochs": 30,
    "SAE_trained": true,
    "ConCA_trained": false
  },
  "selection": "One feature per intent is selected exclusively from seen-language training rows by class-versus-rest mean activation margin. Held-out Arabic/Chinese affect neither feature selection nor thresholds. Internal contiguous class codes preserve the original 58 MASSIVE intent labels in the output.",
  "raw": {
    "input_width": 2304,
    "dictionary_width": 9216,
    "k": 64,
    "train_reconstruction_mse": 0.23392023939363207,
    "heldout_reconstruction_mse": 0.4273718136732862,
    "mean_L0": 64,
    "selected_intents": 58,
    "mean_heldout_intent_auc": 0.8514185405580578,
    "mean_heldout_one_vs_rest_balanced_accuracy": 0.8382993548466978,
    "mean_heldout_false_positive_rate": 0.07556673811790973,
    "mean_selected_feature_language_leakage": 0.027766880949541668,
    "mean_arabic_chinese_feature_stability": 0.6483504033389811,
    "feature_details": "Report\\massive_sae_intent_feature_details\\raw_intent_features.csv"
  },
  "z_C": {
    "input_width": 128,
    "dictionary_width": 512,
    "k": 64,
    "train_reconstruction_mse": 0.0016247036037440868,
    "heldout_reconstruction_mse": 0.0016919702537498385,
    "mean_L0": 64,
    "selected_intents": 58,
    "mean_heldout_intent_auc": 0.9021241449899146,
    "mean_heldout_one_vs_rest_balanced_accuracy": 0.846171159258796,
    "mean_heldout_false_positive_rate": 0.13423858287405768,
    "mean_selected_feature_language_leakage": 0.08307420772779968,
    "mean_arabic_chinese_feature_stability": 0.6640294081559075,
    "feature_details": "Report\\massive_sae_intent_feature_details\\z_C_intent_features.csv"
  },
  "notes": "ConCA was not run: it is optional and would introduce a separate objective; this stage isolates the matched Top-k SAE test."
}
